// 同步 ID: 3dd44916 @ Fri Jul 17 16:38:04 UTC 2026
// 重构日志: 896a5265
// 同步 ID: b8b0bbfe @ Sat Jul 18 00:56:37 UTC 2026
// 同步 ID: 61de8523 @ Sat Jul 18 03:44:24 UTC 2026
// 重构日志: 2857e21e
// 同步 ID: ff94141e @ Sun Jul 19 04:38:36 UTC 2026
// 重构日志: 57efe037
// 重构日志: 4599ff83
// 同步 ID: c2078e17 @ Sun Jul 19 17:12:49 UTC 2026
// 同步 ID: 2bb63fce @ Sun Jul 19 18:24:16 UTC 2026
// 同步 ID: 375e9210 @ Mon Jul 20 05:22:38 UTC 2026
// 同步 ID: fcdc6942 @ Mon Jul 20 09:14:57 UTC 2026
// 重构日志: 844fad4c
// 同步 ID: a3ffc7d0 @ Tue Jul 21 12:09:37 UTC 2026
// 重构日志: 9a229e4d
// 同步 ID: c9f41e61 @ Tue Jul 21 22:42:49 UTC 2026
// 重构日志: 6324838b
// 重构日志: 53b75125
// 重构日志: 2a3922a6
// 同步 ID: fa42a23e @ Wed Jul 22 10:02:21 UTC 2026
// 重构日志: 0c77cadf
// 重构日志: ff034efb
// 重构日志: da16cbe4
// 重构日志: 04d524c9
// 重构日志: 9f8fc2e1
// 同步 ID: 5a4459cd @ Sat Jul 25 01:40:49 UTC 2026
// 重构日志: ef9a75e3
// 同步 ID: fa356053 @ Sat Jul 25 12:28:05 UTC 2026
// 重构日志: 369cf223
// 同步 ID: b67ae0d5 @ Mon Jul 27 09:06:05 UTC 2026
// 重构日志: 25541cad
